AR alu_control rtl C:/Users/Nacho/Desktop/University/Tercero/ARCO/p1/rtl/alu_control.vhd sub00/vhpl03 1506414023
EN reg_bank NULL C:/Users/Nacho/Desktop/University/Tercero/ARCO/p1/rtl/reg_bank.vhd sub00/vhpl06 1506414026
AR reg_bank rtl C:/Users/Nacho/Desktop/University/Tercero/ARCO/p1/rtl/reg_bank.vhd sub00/vhpl07 1506414027
AR processor rtl C:/Users/Nacho/Desktop/University/Tercero/ARCO/p1/rtl/processor.vhd sub00/vhpl09 1506414029
EN alu_control NULL C:/Users/Nacho/Desktop/University/Tercero/ARCO/p1/rtl/alu_control.vhd sub00/vhpl02 1506414022
AR control_unit rtl C:/Users/Nacho/Desktop/University/Tercero/ARCO/p1/rtl/control_unit.vhd sub00/vhpl05 1506414025
EN processor NULL C:/Users/Nacho/Desktop/University/Tercero/ARCO/p1/rtl/processor.vhd sub00/vhpl08 1506414028
EN control_unit NULL C:/Users/Nacho/Desktop/University/Tercero/ARCO/p1/rtl/control_unit.vhd sub00/vhpl04 1506414024
AR alu rtl C:/Users/Nacho/Desktop/University/Tercero/ARCO/p1/rtl/alu.vhd sub00/vhpl01 1506414021
EN alu NULL C:/Users/Nacho/Desktop/University/Tercero/ARCO/p1/rtl/alu.vhd sub00/vhpl00 1506414020
