V3 19
FL C:/Users/Nacho/Desktop/University/Tercero/ARCO/p1/rtl/alu.vhd 2017/09/26.09:18:28 P.20131013
EN work/alu 1506633422 \
      FL C:/Users/Nacho/Desktop/University/Tercero/ARCO/p1/rtl/alu.vhd \
      PB ieee/std_logic_1164 1381692176 PB ieee/STD_LOGIC_UNSIGNED 1381692179
AR work/alu/rtl 1506633423 \
      FL C:/Users/Nacho/Desktop/University/Tercero/ARCO/p1/rtl/alu.vhd \
      EN work/alu 1506633422
FL C:/Users/Nacho/Desktop/University/Tercero/ARCO/p1/rtl/alu_control.vhd 2017/09/28.22:59:27 P.20131013
EN work/alu_control 1506633424 \
      FL C:/Users/Nacho/Desktop/University/Tercero/ARCO/p1/rtl/alu_control.vhd \
      PB ieee/std_logic_1164 1381692176 PB ieee/STD_LOGIC_UNSIGNED 1381692179
AR work/alu_control/rtl 1506633425 \
      FL C:/Users/Nacho/Desktop/University/Tercero/ARCO/p1/rtl/alu_control.vhd \
      EN work/alu_control 1506633424
FL C:/Users/Nacho/Desktop/University/Tercero/ARCO/p1/rtl/control_unit.vhd 2017/09/28.22:59:27 P.20131013
EN work/control_unit 1506633426 \
      FL C:/Users/Nacho/Desktop/University/Tercero/ARCO/p1/rtl/control_unit.vhd \
      PB ieee/std_logic_1164 1381692176 PB ieee/STD_LOGIC_UNSIGNED 1381692179
AR work/control_unit/rtl 1506633427 \
      FL C:/Users/Nacho/Desktop/University/Tercero/ARCO/p1/rtl/control_unit.vhd \
      EN work/control_unit 1506633426
FL C:/Users/Nacho/Desktop/University/Tercero/ARCO/p1/rtl/processor.vhd 2017/09/28.23:16:49 P.20131013
EN work/processor 1506633430 \
      FL C:/Users/Nacho/Desktop/University/Tercero/ARCO/p1/rtl/processor.vhd \
      PB ieee/std_logic_1164 1381692176 PB ieee/STD_LOGIC_UNSIGNED 1381692179
AR work/processor/rtl 1506633431 \
      FL C:/Users/Nacho/Desktop/University/Tercero/ARCO/p1/rtl/processor.vhd \
      EN work/processor 1506633430 CP alu CP alu_control CP control_unit CP reg_bank
FL C:/Users/Nacho/Desktop/University/Tercero/ARCO/p1/rtl/reg_bank.vhd 2017/09/26.09:18:28 P.20131013
EN work/reg_bank 1506633428 \
      FL C:/Users/Nacho/Desktop/University/Tercero/ARCO/p1/rtl/reg_bank.vhd \
      PB ieee/std_logic_1164 1381692176 PB ieee/STD_LOGIC_UNSIGNED 1381692179 \
      PB ieee/std_logic_arith 1381692177
AR work/reg_bank/rtl 1506633429 \
      FL C:/Users/Nacho/Desktop/University/Tercero/ARCO/p1/rtl/reg_bank.vhd \
      EN work/reg_bank 1506633428
