V3 19
FL C:/Users/Nacho/Desktop/University/Tercero/ARCO/p1/rtl/alu.vhd 2017/09/26.09:18:28 P.20131013
EN work/alu 1506414020 \
      FL C:/Users/Nacho/Desktop/University/Tercero/ARCO/p1/rtl/alu.vhd \
      PB ieee/std_logic_1164 1381692176 PB ieee/STD_LOGIC_UNSIGNED 1381692179
AR work/alu/rtl 1506414021 \
      FL C:/Users/Nacho/Desktop/University/Tercero/ARCO/p1/rtl/alu.vhd \
      EN work/alu 1506414020
FL C:/Users/Nacho/Desktop/University/Tercero/ARCO/p1/rtl/alu_control.vhd 2017/09/26.10:09:33 P.20131013
EN work/alu_control 1506414022 \
      FL C:/Users/Nacho/Desktop/University/Tercero/ARCO/p1/rtl/alu_control.vhd \
      PB ieee/std_logic_1164 1381692176 PB ieee/STD_LOGIC_UNSIGNED 1381692179
AR work/alu_control/rtl 1506414023 \
      FL C:/Users/Nacho/Desktop/University/Tercero/ARCO/p1/rtl/alu_control.vhd \
      EN work/alu_control 1506414022
FL C:/Users/Nacho/Desktop/University/Tercero/ARCO/p1/rtl/control_unit.vhd 2017/09/26.10:13:01 P.20131013
EN work/control_unit 1506414024 \
      FL C:/Users/Nacho/Desktop/University/Tercero/ARCO/p1/rtl/control_unit.vhd \
      PB ieee/std_logic_1164 1381692176 PB ieee/STD_LOGIC_UNSIGNED 1381692179
AR work/control_unit/rtl 1506414025 \
      FL C:/Users/Nacho/Desktop/University/Tercero/ARCO/p1/rtl/control_unit.vhd \
      EN work/control_unit 1506414024
FL C:/Users/Nacho/Desktop/University/Tercero/ARCO/p1/rtl/processor.vhd 2017/09/26.10:20:09 P.20131013
EN work/processor 1506414028 \
      FL C:/Users/Nacho/Desktop/University/Tercero/ARCO/p1/rtl/processor.vhd \
      PB ieee/std_logic_1164 1381692176 PB ieee/STD_LOGIC_UNSIGNED 1381692179
AR work/processor/rtl 1506414029 \
      FL C:/Users/Nacho/Desktop/University/Tercero/ARCO/p1/rtl/processor.vhd \
      EN work/processor 1506414028 CP alu CP alu_control CP control_unit CP reg_bank
FL C:/Users/Nacho/Desktop/University/Tercero/ARCO/p1/rtl/reg_bank.vhd 2017/09/26.09:18:28 P.20131013
EN work/reg_bank 1506414026 \
      FL C:/Users/Nacho/Desktop/University/Tercero/ARCO/p1/rtl/reg_bank.vhd \
      PB ieee/std_logic_1164 1381692176 PB ieee/STD_LOGIC_UNSIGNED 1381692179 \
      PB ieee/std_logic_arith 1381692177
AR work/reg_bank/rtl 1506414027 \
      FL C:/Users/Nacho/Desktop/University/Tercero/ARCO/p1/rtl/reg_bank.vhd \
      EN work/reg_bank 1506414026
